// Jest Snapshot v1, https://goo.gl/fbAQLP

exports[`Footer.vue renders correctly 1`] = `
<div
  class="footer"
>
  <div
    class="footer__version"
  >
    2.0.0
  </div>
  <div
    class="footer__github"
  >
    <a
      class="footer__link"
      href="#"
      target="_blank"
    >
      GitHub
    </a>
  </div>
</div>
`;
